// Jest Snapshot v1, https://goo.gl/fbAQLP

exports[`render city detail 1`] = `null`;

exports[`should render Home 1`] = `null`;
